\BOOKMARK [0][-]{chapter*.1}{\376\377\000A\000v\000a\000n\000t\000-\000p\000r\000o\000p\000o\000s}{}% 1
\BOOKMARK [0][-]{chapter*.2}{\376\377\000C\000o\000m\000m\000e\000n\000t\000\040\000c\000e\000\040\000l\000i\000v\000r\000e\000\040\000e\000s\000t\000\040\000f\000a\000i\000t}{}% 2
\BOOKMARK [0][-]{chapter.1}{\376\377\000L\000i\000m\000i\000t\000e\000s\000\040\000e\000t\000\040\000c\000o\000n\000t\000i\000n\000u\000i\000t\000\351}{}% 3
\BOOKMARK [1][-]{section.1.1}{\376\377\000L\000a\000\040\000l\000i\000m\000i\000t\000e\000\040\000d\000'\000u\000n\000e\000\040\000f\000o\000n\000c\000t\000i\000o\000n\000\040\000c\000o\000m\000p\000o\000s\000\351\000e}{chapter.1}% 4
\BOOKMARK [1][-]{section.1.2}{\376\377\000E\000n\000c\000a\000d\000r\000e\000r\000\040\000p\000o\000u\000r\000\040\000c\000o\000n\000c\000l\000u\000r\000e\000\040\000:\000\040\000c\000o\000m\000p\000a\000r\000a\000i\000s\000o\000n\000\040\000e\000t\000\040\000g\000e\000n\000d\000a\000r\000m\000e\000s}{chapter.1}% 5
\BOOKMARK [1][-]{section.1.3}{\376\377\000L\000a\000\040\000c\000o\000n\000t\000i\000n\000u\000i\000t\000\351}{chapter.1}% 6
\BOOKMARK [2][-]{subsection.1.3.1}{\376\377\000P\000r\000o\000l\000o\000n\000g\000e\000r\000\040\000u\000n\000e\000\040\000f\000o\000n\000c\000t\000i\000o\000n\000\040\000p\000a\000r\000\040\000c\000o\000n\000t\000i\000n\000u\000i\000t\000\351}{section.1.3}% 7
\BOOKMARK [1][-]{section.1.4}{\376\377\000L\000e\000\040\000t\000h\000\351\000o\000r\000\350\000m\000e\000\040\000d\000e\000s\000\040\000v\000a\000l\000e\000u\000r\000s\000\040\000i\000n\000t\000e\000r\000m\000\351\000d\000i\000a\000i\000r\000e\000s}{chapter.1}% 8
\BOOKMARK [0][-]{chapter.2}{\376\377\000D\000\351\000r\000i\000v\000a\000b\000i\000l\000i\000t\000\351}{}% 9
\BOOKMARK [1][-]{section.2.1}{\376\377\000\312\000t\000r\000e\000\040\000d\000\351\000r\000i\000v\000a\000b\000l\000e\000\040\000e\000n\000\040\000u\000n\000\040\000p\000o\000i\000n\000t}{chapter.2}% 10
\BOOKMARK [2][-]{subsection.2.1.1}{\376\377\000D\000\351\000r\000i\000v\000a\000b\000i\000l\000i\000t\000\351\000\040\000\340\000\040\000g\000a\000u\000c\000h\000e\000,\000\040\000\340\000\040\000d\000r\000o\000i\000t\000e\000,\000\040\000e\000t\000\040\000d\000e\000m\000i\000-\000t\000a\000n\000g\000e\000n\000t\000e\000s}{section.2.1}% 11
\BOOKMARK [1][-]{section.2.2}{\376\377\000D\000\351\000r\000i\000v\000e\000r\000\040\000u\000n\000e\000\040\000c\000o\000m\000p\000o\000s\000\351\000e\000,\000\040\000d\000\351\000r\000i\000v\000e\000r\000\040\000u\000n\000e\000\040\000r\000\351\000c\000i\000p\000r\000o\000q\000u\000e}{chapter.2}% 12
\BOOKMARK [1][-]{section.2.3}{\376\377\000D\000\351\000r\000i\000v\000\351\000e\000s\000\040\000s\000u\000c\000c\000e\000s\000s\000i\000v\000e\000s\000,\000\040\000c\000o\000n\000c\000a\000v\000i\000t\000\351\000\040\000e\000t\000\040\000c\000o\000n\000v\000e\000x\000i\000t\000\351}{chapter.2}% 13
\BOOKMARK [1][-]{section.2.4}{\376\377\000L\000e\000s\000\040\000a\000c\000c\000r\000o\000i\000s\000s\000e\000m\000e\000n\000t\000s\000\040\000f\000i\000n\000i\000s}{chapter.2}% 14
\BOOKMARK [0][-]{chapter.3}{\376\377\000\311\000t\000u\000d\000e\000\040\000e\000t\000\040\000r\000e\000p\000r\000\351\000s\000e\000n\000t\000a\000t\000i\000o\000n\000\040\000g\000r\000a\000p\000h\000i\000q\000u\000e\000\040\000d\000e\000s\000\040\000f\000o\000n\000c\000t\000i\000o\000n\000s}{}% 15
\BOOKMARK [1][-]{section.3.1}{\376\377\000L\000e\000s\000\040\000b\000r\000a\000n\000c\000h\000e\000s\000\040\000i\000n\000f\000i\000n\000i\000e\000s}{chapter.3}% 16
\BOOKMARK [2][-]{subsection.3.1.1}{\376\377\000A\000s\000y\000m\000p\000t\000o\000t\000e\000s\000\040\000v\000e\000r\000t\000i\000c\000a\000l\000e\000s\000\040\000e\000t\000\040\000h\000o\000r\000i\000z\000o\000n\000t\000a\000l\000e\000s}{section.3.1}% 17
\BOOKMARK [2][-]{subsection.3.1.2}{\376\377\000A\000s\000y\000m\000p\000t\000o\000t\000e\000s\000\040\000o\000b\000l\000i\000q\000u\000e\000s}{section.3.1}% 18
\BOOKMARK [2][-]{subsection.3.1.3}{\376\377\000Q\000u\000a\000n\000d\000\040\000i\000l\000\040\000n\000'\000y\000\040\000a\000\040\000p\000a\000s\000\040\000d\000'\000a\000s\000y\000m\000p\000t\000o\000t\000e}{section.3.1}% 19
\BOOKMARK [1][-]{section.3.2}{\376\377\000C\000e\000\040\000q\000u\000e\000\040\000l\000a\000\040\000c\000o\000u\000r\000b\000e\000\040\000m\000o\000n\000t\000r\000e\000\040\000e\000n\000\040\000u\000n\000\040\000p\000o\000i\000n\000t}{chapter.3}% 20
\BOOKMARK [1][-]{section.3.3}{\376\377\000L\000e\000\040\000p\000l\000a\000n\000\040\000d\000'\000\351\000t\000u\000d\000e\000,\000\040\000u\000n\000e\000\040\000f\000o\000i\000s\000\040\000p\000o\000u\000r\000\040\000t\000o\000u\000t\000e\000s}{chapter.3}% 21
\BOOKMARK [1][-]{section.3.4}{\376\377\000L\000i\000r\000e\000\040\000e\000t\000\040\000r\000\351\000s\000o\000u\000d\000r\000e\000\040\000s\000u\000r\000\040\000u\000n\000\040\000g\000r\000a\000p\000h\000i\000q\000u\000e}{chapter.3}% 22
\BOOKMARK [0][-]{chapter.4}{\376\377\000P\000r\000i\000m\000i\000t\000i\000v\000e\000s\000\040\000e\000t\000\040\000c\000a\000l\000c\000u\000l\000\040\000i\000n\000t\000\351\000g\000r\000a\000l}{}% 23
\BOOKMARK [1][-]{section.4.1}{\376\377\000L\000e\000s\000\040\000p\000r\000i\000m\000i\000t\000i\000v\000e\000s}{chapter.4}% 24
\BOOKMARK [2][-]{subsection.4.1.1}{\376\377\000L\000e\000\040\000t\000a\000b\000l\000e\000a\000u\000\040\000d\000e\000s\000\040\000p\000r\000i\000m\000i\000t\000i\000v\000e\000s\000\040\000u\000s\000u\000e\000l\000l\000e\000s}{section.4.1}% 25
\BOOKMARK [1][-]{section.4.2}{\376\377\000L\000'\000i\000n\000t\000\351\000g\000r\000a\000l\000e}{chapter.4}% 26
\BOOKMARK [1][-]{section.4.3}{\376\377\000D\000e\000u\000x\000\040\000t\000e\000c\000h\000n\000i\000q\000u\000e\000s\000\040\000d\000e\000\040\000c\000a\000l\000c\000u\000l}{chapter.4}% 27
\BOOKMARK [2][-]{subsection.4.3.1}{\376\377\000L\000'\000i\000n\000t\000\351\000g\000r\000a\000t\000i\000o\000n\000\040\000p\000a\000r\000\040\000p\000a\000r\000t\000i\000e\000s}{section.4.3}% 28
\BOOKMARK [2][-]{subsection.4.3.2}{\376\377\000L\000e\000\040\000c\000h\000a\000n\000g\000e\000m\000e\000n\000t\000\040\000d\000e\000\040\000v\000a\000r\000i\000a\000b\000l\000e\000\040\000a\000f\000f\000i\000n\000e}{section.4.3}% 29
\BOOKMARK [1][-]{section.4.4}{\376\377\000A\000i\000r\000e\000s\000,\000\040\000v\000a\000l\000e\000u\000r\000\040\000m\000o\000y\000e\000n\000n\000e\000,\000\040\000v\000o\000l\000u\000m\000e\000s}{chapter.4}% 30
\BOOKMARK [0][-]{chapter.5}{\376\377\000F\000o\000n\000c\000t\000i\000o\000n\000s\000\040\000l\000o\000g\000a\000r\000i\000t\000h\000m\000e\000s}{}% 31
\BOOKMARK [1][-]{section.5.1}{\376\377\000C\000o\000n\000s\000t\000r\000u\000i\000r\000e\000\040\000l\000e\000\040\000l\000o\000g\000a\000r\000i\000t\000h\000m\000e\000\040\000n\000\351\000p\000\351\000r\000i\000e\000n}{chapter.5}% 32
\BOOKMARK [1][-]{section.5.2}{\376\377\000L\000i\000m\000i\000t\000e\000s\000\040\000u\000s\000u\000e\000l\000l\000e\000s\000\040\000e\000t\000\040\000d\000\351\000r\000i\000v\000\351\000e\000s}{chapter.5}% 33
\BOOKMARK [1][-]{section.5.3}{\376\377\000L\000'\000\351\000t\000u\000d\000e\000\040\000c\000o\000m\000p\000l\000\350\000t\000e\000\040\000d\000e\000\040\000l\000a\000\040\000f\000o\000n\000c\000t\000i\000o\000n\000\040\000l\000n}{chapter.5}% 34
\BOOKMARK [1][-]{section.5.4}{\376\377\000\311\000q\000u\000a\000t\000i\000o\000n\000s\000,\000\040\000i\000n\000\351\000q\000u\000a\000t\000i\000o\000n\000s\000\040\000e\000t\000\040\000s\000y\000s\000t\000\350\000m\000e\000s}{chapter.5}% 35
\BOOKMARK [1][-]{section.5.5}{\376\377\000L\000o\000g\000a\000r\000i\000t\000h\000m\000e\000\040\000d\000\351\000c\000i\000m\000a\000l\000\040\000e\000t\000\040\000l\000o\000g\000a\000r\000i\000t\000h\000m\000e\000\040\000d\000e\000\040\000b\000a\000s\000e\000\040\000q\000u\000e\000l\000c\000o\000n\000q\000u\000e}{chapter.5}% 36
\BOOKMARK [0][-]{chapter.6}{\376\377\000E\000x\000p\000o\000n\000e\000n\000t\000i\000e\000l\000l\000e\000\040\000n\000\351\000p\000\351\000r\000i\000e\000n\000n\000e\000\040\000e\000t\000\040\000f\000o\000n\000c\000t\000i\000o\000n\000s\000\040\000p\000u\000i\000s\000s\000a\000n\000c\000e\000s}{}% 37
\BOOKMARK [1][-]{section.6.1}{\376\377\000L\000a\000\040\000f\000o\000n\000c\000t\000i\000o\000n\000\040\000e\000x\000p\000o\000n\000e\000n\000t\000i\000e\000l\000l\000e}{chapter.6}% 38
\BOOKMARK [1][-]{section.6.2}{\376\377\000D\000\351\000r\000i\000v\000\351\000e\000s\000,\000\040\000p\000r\000i\000m\000i\000t\000i\000v\000e\000s\000\040\000e\000t\000\040\000c\000o\000m\000p\000o\000s\000\351\000e\000s}{chapter.6}% 39
\BOOKMARK [1][-]{section.6.3}{\376\377\000\311\000q\000u\000a\000t\000i\000o\000n\000s\000,\000\040\000i\000n\000\351\000q\000u\000a\000t\000i\000o\000n\000s\000\040\000e\000t\000\040\000s\000y\000s\000t\000\350\000m\000e\000s}{chapter.6}% 40
\BOOKMARK [1][-]{section.6.4}{\376\377\000L\000e\000s\000\040\000f\000o\000n\000c\000t\000i\000o\000n\000s\000\040\000p\000u\000i\000s\000s\000a\000n\000c\000e\000s}{chapter.6}% 41
\BOOKMARK [0][-]{chapter.7}{\376\377\000\311\000q\000u\000a\000t\000i\000o\000n\000s\000\040\000d\000i\000f\000f\000\351\000r\000e\000n\000t\000i\000e\000l\000l\000e\000s}{}% 42
\BOOKMARK [1][-]{section.7.1}{\376\377\000C\000e\000\040\000q\000u\000'\000o\000n\000\040\000a\000p\000p\000e\000l\000l\000e\000\040\000r\000\351\000s\000o\000u\000d\000r\000e}{chapter.7}% 43
\BOOKMARK [1][-]{section.7.2}{\376\377\000L\000e\000\040\000p\000r\000e\000m\000i\000e\000r\000\040\000o\000r\000d\000r\000e}{chapter.7}% 44
\BOOKMARK [2][-]{subsection.7.2.1}{\376\377\000A\000v\000e\000c\000\040\000u\000n\000\040\000s\000e\000c\000o\000n\000d\000\040\000m\000e\000m\000b\000r\000e}{section.7.2}% 45
\BOOKMARK [1][-]{section.7.3}{\376\377\000L\000e\000\040\000s\000e\000c\000o\000n\000d\000\040\000o\000r\000d\000r\000e}{chapter.7}% 46
\BOOKMARK [2][-]{subsection.7.3.1}{\376\377\000L\000e\000s\000\040\000d\000e\000u\000x\000\040\000c\000a\000s\000\040\000p\000a\000r\000t\000i\000c\000u\000l\000i\000e\000r\000s\000\040\000d\000u\000\040\000p\000r\000o\000g\000r\000a\000m\000m\000e}{section.7.3}% 47
\BOOKMARK [0][-]{chapter.8}{\376\377\000A\000r\000i\000t\000h\000m\000\351\000t\000i\000q\000u\000e\000\040\000d\000a\000n\000s\000\040\000l\000'\000e\000n\000s\000e\000m\000b\000l\000e\000\040\000d\000e\000s\000\040\000e\000n\000t\000i\000e\000r\000s}{}% 48
\BOOKMARK [1][-]{section.8.1}{\376\377\000D\000i\000v\000i\000s\000i\000b\000i\000l\000i\000t\000\351\000\040\000d\000a\000n\000s\000\040\000l\000'\000e\000n\000s\000e\000m\000b\000l\000e\000\040\000d\000e\000s\000\040\000e\000n\000t\000i\000e\000r\000s\000\040\000r\000e\000l\000a\000t\000i\000f\000s}{chapter.8}% 49
\BOOKMARK [1][-]{section.8.2}{\376\377\000D\000i\000v\000i\000s\000i\000o\000n\000\040\000e\000u\000c\000l\000i\000d\000i\000e\000n\000n\000e\000\040\000d\000e\000s\000\040\000e\000n\000t\000i\000e\000r\000s}{chapter.8}% 50
\BOOKMARK [1][-]{section.8.3}{\376\377\000C\000o\000n\000g\000r\000u\000e\000n\000c\000e\000s\000\040\000e\000t\000\040\000l\000e\000u\000r\000s\000\040\000p\000r\000o\000p\000r\000i\000\351\000t\000\351\000s}{chapter.8}% 51
\BOOKMARK [1][-]{section.8.4}{\376\377\000L\000e\000\040\000p\000l\000u\000s\000\040\000g\000r\000a\000n\000d\000\040\000d\000i\000v\000i\000s\000e\000u\000r\000\040\000c\000o\000m\000m\000u\000n\000\040\000e\000t\000\040\000l\000e\000\040\000p\000l\000u\000s\000\040\000p\000e\000t\000i\000t\000\040\000m\000u\000l\000t\000i\000p\000l\000e\000\040\000c\000o\000m\000m\000u\000n}{chapter.8}% 52
\BOOKMARK [1][-]{section.8.5}{\376\377\000N\000o\000m\000b\000r\000e\000s\000\040\000p\000r\000e\000m\000i\000e\000r\000s\000\040\000e\000t\000\040\000n\000o\000m\000b\000r\000e\000s\000\040\000p\000r\000e\000m\000i\000e\000r\000s\000\040\000e\000n\000t\000r\000e\000\040\000e\000u\000x}{chapter.8}% 53
\BOOKMARK [1][-]{section.8.6}{\376\377\000L\000e\000s\000\040\000t\000h\000\351\000o\000r\000\350\000m\000e\000s\000\040\000d\000e\000\040\000B\000\351\000z\000o\000u\000t\000\040\000e\000t\000\040\000d\000e\000\040\000G\000a\000u\000s\000s}{chapter.8}% 54
\BOOKMARK [1][-]{section.8.7}{\376\377\000\311\000q\000u\000a\000t\000i\000o\000n\000s\000\040\000d\000i\000o\000p\000h\000a\000n\000t\000i\000e\000n\000n\000e\000s}{chapter.8}% 55
\BOOKMARK [1][-]{section.8.8}{\376\377\000L\000e\000s\000\040\000c\000l\000a\000s\000s\000e\000s\000\040\000d\000e\000\040\000c\000o\000n\000g\000r\000u\000e\000n\000c\000e\000\040\000e\000t\000\040\000l\000e\000u\000r\000s\000\040\000o\000p\000\351\000r\000a\000t\000i\000o\000n\000s}{chapter.8}% 56
\BOOKMARK [0][-]{chapter.9}{\376\377\000S\000y\000s\000t\000\350\000m\000e\000s\000\040\000d\000e\000\040\000n\000u\000m\000\351\000r\000a\000t\000i\000o\000n}{}% 57
\BOOKMARK [1][-]{section.9.1}{\376\377\000\311\000c\000r\000i\000t\000u\000r\000e\000\040\000d\000'\000u\000n\000\040\000e\000n\000t\000i\000e\000r\000\040\000d\000a\000n\000s\000\040\000u\000n\000e\000\040\000b\000a\000s\000e\000\040\000q\000u\000e\000l\000c\000o\000n\000q\000u\000e}{chapter.9}% 58
\BOOKMARK [1][-]{section.9.2}{\376\377\000C\000o\000n\000v\000e\000r\000s\000i\000o\000n\000s\000\040\000e\000n\000t\000r\000e\000\040\000b\000a\000s\000e\000s}{chapter.9}% 59
\BOOKMARK [1][-]{section.9.3}{\376\377\000L\000e\000\040\000s\000y\000s\000t\000\350\000m\000e\000\040\000b\000i\000n\000a\000i\000r\000e}{chapter.9}% 60
\BOOKMARK [1][-]{section.9.4}{\376\377\000L\000e\000\040\000s\000y\000s\000t\000\350\000m\000e\000\040\000h\000e\000x\000a\000d\000\351\000c\000i\000m\000a\000l}{chapter.9}% 61
\BOOKMARK [1][-]{section.9.5}{\376\377\000O\000p\000\351\000r\000a\000t\000i\000o\000n\000s\000\040\000p\000o\000s\000\351\000e\000s\000\040\000e\000n\000\040\000b\000a\000s\000e\000\040\000n\000o\000n\000\040\000d\000\351\000c\000i\000m\000a\000l\000e}{chapter.9}% 62
\BOOKMARK [0][-]{chapter.10}{\376\377\000C\000a\000l\000c\000u\000l\000\040\000m\000a\000t\000r\000i\000c\000i\000e\000l}{}% 63
\BOOKMARK [1][-]{section.10.1}{\376\377\000D\000\351\000f\000i\000n\000i\000t\000i\000o\000n\000\040\000d\000'\000u\000n\000e\000\040\000m\000a\000t\000r\000i\000c\000e\000\040\000c\000a\000r\000r\000\351\000e}{chapter.10}% 64
\BOOKMARK [1][-]{section.10.2}{\376\377\000S\000o\000m\000m\000e\000\040\000e\000t\000\040\000p\000r\000o\000d\000u\000i\000t\000\040\000;\000\040\000n\000o\000n\000-\000c\000o\000m\000m\000u\000t\000a\000t\000i\000v\000i\000t\000\351\000\040\000d\000u\000\040\000p\000r\000o\000d\000u\000i\000t}{chapter.10}% 65
\BOOKMARK [1][-]{section.10.3}{\376\377\000T\000r\000a\000n\000s\000p\000o\000s\000\351\000e\000\040\000e\000t\000\040\000t\000r\000a\000c\000e}{chapter.10}% 66
\BOOKMARK [1][-]{section.10.4}{\376\377\000D\000\351\000t\000e\000r\000m\000i\000n\000a\000n\000t\000\040\000d\000'\000u\000n\000e\000\040\000m\000a\000t\000r\000i\000c\000e\000\040\000c\000a\000r\000r\000\351\000e}{chapter.10}% 67
\BOOKMARK [1][-]{section.10.5}{\376\377\000M\000a\000t\000r\000i\000c\000e\000\040\000i\000n\000v\000e\000r\000s\000e\000\040\000:\000\040\000e\000x\000i\000s\000t\000e\000n\000c\000e\000\040\000e\000t\000\040\000c\000a\000l\000c\000u\000l}{chapter.10}% 68
\BOOKMARK [1][-]{section.10.6}{\376\377\000P\000u\000i\000s\000s\000a\000n\000c\000e\000s\000\040\000s\000u\000c\000c\000e\000s\000s\000i\000v\000e\000s\000\040\000d\000'\000u\000n\000e\000\040\000m\000a\000t\000r\000i\000c\000e}{chapter.10}% 69
\BOOKMARK [1][-]{section.10.7}{\376\377\000R\000\351\000s\000o\000l\000u\000t\000i\000o\000n\000\040\000d\000'\000u\000n\000\040\000s\000y\000s\000t\000\350\000m\000e\000\040\000l\000i\000n\000\351\000a\000i\000r\000e}{chapter.10}% 70
\BOOKMARK [0][-]{chapter.11}{\376\377\000S\000u\000i\000t\000e\000s\000\040\000n\000u\000m\000\351\000r\000i\000q\000u\000e\000s}{}% 71
\BOOKMARK [1][-]{section.11.1}{\376\377\000D\000\351\000f\000i\000n\000i\000t\000i\000o\000n\000,\000\040\000m\000o\000d\000e\000s\000\040\000d\000e\000\040\000g\000\351\000n\000\351\000r\000a\000t\000i\000o\000n\000\040\000e\000t\000\040\000r\000e\000p\000r\000\351\000s\000e\000n\000t\000a\000t\000i\000o\000n\000\040\000g\000r\000a\000p\000h\000i\000q\000u\000e}{chapter.11}% 72
\BOOKMARK [1][-]{section.11.2}{\376\377\000R\000a\000i\000s\000o\000n\000n\000e\000m\000e\000n\000t\000\040\000p\000a\000r\000\040\000r\000\351\000c\000u\000r\000r\000e\000n\000c\000e}{chapter.11}% 73
\BOOKMARK [1][-]{section.11.3}{\376\377\000S\000u\000i\000t\000e\000s\000\040\000m\000a\000j\000o\000r\000\351\000e\000s\000,\000\040\000m\000i\000n\000o\000r\000\351\000e\000s\000,\000\040\000b\000o\000r\000n\000\351\000e\000s}{chapter.11}% 74
\BOOKMARK [1][-]{section.11.4}{\376\377\000C\000o\000n\000v\000e\000r\000g\000e\000n\000c\000e\000\040\000e\000t\000\040\000d\000i\000v\000e\000r\000g\000e\000n\000c\000e\000\040\000d\000'\000u\000n\000e\000\040\000s\000u\000i\000t\000e}{chapter.11}% 75
\BOOKMARK [1][-]{section.11.5}{\376\377\000S\000u\000i\000t\000e\000s\000\040\000e\000x\000p\000l\000i\000c\000i\000t\000e\000s\000\040\000e\000t\000\040\000s\000u\000i\000t\000e\000s\000\040\000r\000\351\000c\000u\000r\000r\000e\000n\000t\000e\000s}{chapter.11}% 76
\BOOKMARK [1][-]{section.11.6}{\376\377\000S\000u\000i\000t\000e\000s\000\040\000a\000r\000i\000t\000h\000m\000\351\000t\000i\000q\000u\000e\000s\000\040\000e\000t\000\040\000g\000\351\000o\000m\000\351\000t\000r\000i\000q\000u\000e\000s}{chapter.11}% 77
\BOOKMARK [1][-]{section.11.7}{\376\377\000S\000u\000i\000t\000e\000s\000\040\000a\000r\000i\000t\000h\000m\000\351\000t\000i\000c\000o\000-\000g\000\351\000o\000m\000\351\000t\000r\000i\000q\000u\000e\000s}{chapter.11}% 78
\BOOKMARK [1][-]{section.11.8}{\376\377\000S\000u\000i\000t\000e\000s\000\040\000s\000t\000a\000t\000i\000o\000n\000n\000a\000i\000r\000e\000s\000\040\000e\000t\000\040\000s\000u\000i\000t\000e\000s\000\040\000a\000d\000j\000a\000c\000e\000n\000t\000e\000s}{chapter.11}% 79
\BOOKMARK [0][-]{chapter.12}{\376\377\000N\000o\000m\000b\000r\000e\000s\000\040\000c\000o\000m\000p\000l\000e\000x\000e\000s}{}% 80
\BOOKMARK [1][-]{section.12.1}{\376\377\000D\000\351\000f\000i\000n\000i\000t\000i\000o\000n\000\040\000e\000t\000\040\000f\000o\000r\000m\000e\000\040\000a\000l\000g\000\351\000b\000r\000i\000q\000u\000e}{chapter.12}% 81
\BOOKMARK [1][-]{section.12.2}{\376\377\000R\000e\000p\000r\000\351\000s\000e\000n\000t\000a\000t\000i\000o\000n\000\040\000g\000\351\000o\000m\000\351\000t\000r\000i\000q\000u\000e}{chapter.12}% 82
\BOOKMARK [1][-]{section.12.3}{\376\377\000M\000o\000d\000u\000l\000e\000,\000\040\000a\000r\000g\000u\000m\000e\000n\000t\000\040\000e\000t\000\040\000f\000o\000r\000m\000e\000\040\000t\000r\000i\000g\000o\000n\000o\000m\000\351\000t\000r\000i\000q\000u\000e}{chapter.12}% 83
\BOOKMARK [1][-]{section.12.4}{\376\377\000F\000o\000r\000m\000e\000s\000\040\000e\000x\000p\000o\000n\000e\000n\000t\000i\000e\000l\000l\000e\000\040\000e\000t\000\040\000p\000o\000l\000a\000i\000r\000e}{chapter.12}% 84
\BOOKMARK [1][-]{section.12.5}{\376\377\000\311\000q\000u\000a\000t\000i\000o\000n\000\040\000d\000u\000\040\000s\000e\000c\000o\000n\000d\000\040\000d\000e\000g\000r\000\351\000\040\000d\000a\000n\000s\000\040\000l\000'\000e\000n\000s\000e\000m\000b\000l\000e\000\040\000d\000e\000s\000\040\000c\000o\000m\000p\000l\000e\000x\000e\000s}{chapter.12}% 85
\BOOKMARK [1][-]{section.12.6}{\376\377\000R\000\351\000s\000o\000l\000u\000t\000i\000o\000n\000\040\000a\000l\000g\000\351\000b\000r\000i\000q\000u\000e\000\040\000e\000t\000\040\000f\000a\000c\000t\000o\000r\000i\000s\000a\000t\000i\000o\000n\000\040\000d\000e\000\040\000p\000o\000l\000y\000n\000\364\000m\000e\000s}{chapter.12}% 86
\BOOKMARK [1][-]{section.12.7}{\376\377\000F\000o\000r\000m\000u\000l\000e\000s\000\040\000d\000e\000\040\000M\000o\000i\000v\000r\000e\000\040\000e\000t\000\040\000d\000'\000E\000u\000l\000e\000r}{chapter.12}% 87
\BOOKMARK [1][-]{section.12.8}{\376\377\000R\000a\000c\000i\000n\000e\000s\000\040\000n\000-\000i\000\350\000m\000e\000s\000\040\000d\000'\000u\000n\000\040\000n\000o\000m\000b\000r\000e\000\040\000c\000o\000m\000p\000l\000e\000x\000e\000\040\000n\000o\000n\000\040\000n\000u\000l}{chapter.12}% 88
\BOOKMARK [0][-]{chapter.13}{\376\377\000B\000a\000r\000y\000c\000e\000n\000t\000r\000e}{}% 89
\BOOKMARK [1][-]{section.13.1}{\376\377\000B\000a\000r\000y\000c\000e\000n\000t\000r\000e\000\040\000d\000e\000\040\000p\000l\000u\000s\000i\000e\000u\000r\000s\000\040\000p\000o\000i\000n\000t\000s\000\040\000p\000o\000n\000d\000\351\000r\000\351\000s}{chapter.13}% 90
\BOOKMARK [1][-]{section.13.2}{\376\377\000C\000o\000o\000r\000d\000o\000n\000n\000\351\000e\000s\000\040\000e\000t\000\040\000a\000f\000f\000i\000x\000e\000\040\000d\000u\000\040\000b\000a\000r\000y\000c\000e\000n\000t\000r\000e}{chapter.13}% 91
\BOOKMARK [1][-]{section.13.3}{\376\377\000R\000\351\000d\000u\000c\000t\000i\000o\000n\000\040\000d\000e\000\040\000l\000a\000\040\000s\000o\000m\000m\000e\000\040\000v\000e\000c\000t\000o\000r\000i\000e\000l\000l\000e}{chapter.13}% 92
\BOOKMARK [1][-]{section.13.4}{\376\377\000F\000o\000n\000c\000t\000i\000o\000n\000\040\000s\000c\000a\000l\000a\000i\000r\000e\000\040\000d\000e\000\040\000L\000e\000i\000b\000n\000i\000z}{chapter.13}% 93
\BOOKMARK [1][-]{section.13.5}{\376\377\000L\000i\000g\000n\000e\000s\000\040\000d\000e\000\040\000n\000i\000v\000e\000a\000u}{chapter.13}% 94
\BOOKMARK [0][-]{chapter.14}{\376\377\000T\000r\000a\000n\000s\000f\000o\000r\000m\000a\000t\000i\000o\000n\000s\000\040\000d\000u\000\040\000p\000l\000a\000n\000\040\000e\000t\000\040\000i\000s\000o\000m\000\351\000t\000r\000i\000e\000s}{}% 95
\BOOKMARK [1][-]{section.14.1}{\376\377\000L\000e\000s\000\040\000t\000r\000a\000n\000s\000f\000o\000r\000m\000a\000t\000i\000o\000n\000s\000\040\000u\000s\000u\000e\000l\000l\000e\000s\000\040\000d\000u\000\040\000p\000l\000a\000n}{chapter.14}% 96
\BOOKMARK [1][-]{section.14.2}{\376\377\000C\000o\000m\000p\000o\000s\000i\000t\000i\000o\000n\000\040\000d\000e\000\040\000d\000e\000u\000x\000\040\000t\000r\000a\000n\000s\000f\000o\000r\000m\000a\000t\000i\000o\000n\000s}{chapter.14}% 97
\BOOKMARK [1][-]{section.14.3}{\376\377\000I\000s\000o\000m\000\351\000t\000r\000i\000e\000s\000\040\000:\000\040\000d\000\351\000p\000l\000a\000c\000e\000m\000e\000n\000t\000s\000\040\000e\000t\000\040\000a\000n\000t\000i\000d\000\351\000p\000l\000a\000c\000e\000m\000e\000n\000t\000s}{chapter.14}% 98
\BOOKMARK [1][-]{section.14.4}{\376\377\000C\000o\000m\000p\000o\000s\000\351\000e\000\040\000d\000e\000\040\000d\000e\000u\000x\000\040\000r\000\351\000f\000l\000e\000x\000i\000o\000n\000s}{chapter.14}% 99
\BOOKMARK [1][-]{section.14.5}{\376\377\000D\000\351\000c\000o\000m\000p\000o\000s\000i\000t\000i\000o\000n\000\040\000e\000n\000\040\000p\000r\000o\000d\000u\000i\000t\000\040\000d\000e\000\040\000r\000\351\000f\000l\000e\000x\000i\000o\000n\000s}{chapter.14}% 100
\BOOKMARK [1][-]{section.14.6}{\376\377\000I\000s\000o\000m\000\351\000t\000r\000i\000e\000s\000\040\000a\000d\000m\000e\000t\000t\000a\000n\000t\000\040\000u\000n\000\040\000p\000o\000i\000n\000t\000\040\000i\000n\000v\000a\000r\000i\000a\000n\000t}{chapter.14}% 101
\BOOKMARK [0][-]{chapter.15}{\376\377\000S\000i\000m\000i\000l\000i\000t\000u\000d\000e\000s\000\040\000p\000l\000a\000n\000e\000s\000\040\000e\000t\000\040\000\351\000c\000r\000i\000t\000u\000r\000e\000\040\000c\000o\000m\000p\000l\000e\000x\000e}{}% 102
\BOOKMARK [1][-]{section.15.1}{\376\377\000S\000i\000m\000i\000l\000i\000t\000u\000d\000e\000\040\000p\000l\000a\000n\000e\000\040\000d\000i\000r\000e\000c\000t\000e}{chapter.15}% 103
\BOOKMARK [1][-]{section.15.2}{\376\377\000S\000i\000m\000i\000l\000i\000t\000u\000d\000e\000\040\000p\000l\000a\000n\000e\000\040\000i\000n\000d\000i\000r\000e\000c\000t\000e}{chapter.15}% 104
\BOOKMARK [1][-]{section.15.3}{\376\377\000E\000x\000p\000r\000e\000s\000s\000i\000o\000n\000\040\000c\000o\000m\000p\000l\000e\000x\000e\000\040\000d\000e\000s\000\040\000t\000r\000a\000n\000s\000f\000o\000r\000m\000a\000t\000i\000o\000n\000s}{chapter.15}% 105
\BOOKMARK [1][-]{section.15.4}{\376\377\000D\000e\000s\000\040\000\351\000l\000\351\000m\000e\000n\000t\000s\000\040\000g\000\351\000o\000m\000\351\000t\000r\000i\000q\000u\000e\000s\000\040\000\340\000\040\000p\000a\000r\000t\000i\000r\000\040\000d\000e\000\040\000l\000'\000\351\000c\000r\000i\000t\000u\000r\000e\000\040\000c\000o\000m\000p\000l\000e\000x\000e}{chapter.15}% 106
\BOOKMARK [1][-]{section.15.5}{\376\377\000S\000i\000m\000i\000l\000i\000t\000u\000d\000e\000s\000\040\000e\000t\000\040\000c\000o\000n\000f\000i\000g\000u\000r\000a\000t\000i\000o\000n\000s\000\040\000d\000u\000\040\000p\000l\000a\000n}{chapter.15}% 107
\BOOKMARK [0][-]{chapter.16}{\376\377\000G\000\351\000o\000m\000\351\000t\000r\000i\000e\000\040\000d\000a\000n\000s\000\040\000l\000'\000e\000s\000p\000a\000c\000e}{}% 108
\BOOKMARK [1][-]{section.16.1}{\376\377\000V\000e\000c\000t\000e\000u\000r\000s\000\040\000d\000e\000\040\000l\000'\000e\000s\000p\000a\000c\000e\000\040\000e\000t\000\040\000d\000\351\000c\000o\000m\000p\000o\000s\000i\000t\000i\000o\000n}{chapter.16}% 109
\BOOKMARK [1][-]{section.16.2}{\376\377\000P\000r\000o\000d\000u\000i\000t\000\040\000s\000c\000a\000l\000a\000i\000r\000e}{chapter.16}% 110
\BOOKMARK [1][-]{section.16.3}{\376\377\000P\000r\000o\000d\000u\000i\000t\000\040\000v\000e\000c\000t\000o\000r\000i\000e\000l}{chapter.16}% 111
\BOOKMARK [1][-]{section.16.4}{\376\377\000\311\000q\000u\000a\000t\000i\000o\000n\000s\000\040\000d\000e\000\040\000d\000r\000o\000i\000t\000e\000s\000\040\000e\000t\000\040\000d\000e\000\040\000p\000l\000a\000n\000s}{chapter.16}% 112
\BOOKMARK [1][-]{section.16.5}{\376\377\000P\000o\000s\000i\000t\000i\000o\000n\000s\000\040\000r\000e\000l\000a\000t\000i\000v\000e\000s}{chapter.16}% 113
\BOOKMARK [0][-]{chapter.17}{\376\377\000P\000r\000o\000b\000a\000b\000i\000l\000i\000t\000\351\000s}{}% 114
\BOOKMARK [1][-]{section.17.1}{\376\377\000V\000o\000c\000a\000b\000u\000l\000a\000i\000r\000e}{chapter.17}% 115
\BOOKMARK [1][-]{section.17.2}{\376\377\000P\000r\000o\000b\000a\000b\000i\000l\000i\000t\000\351\000\040\000e\000t\000\040\000\351\000q\000u\000i\000p\000r\000o\000b\000a\000b\000i\000l\000i\000t\000\351}{chapter.17}% 116
\BOOKMARK [1][-]{section.17.3}{\376\377\000R\000\351\000u\000n\000i\000o\000n\000,\000\040\000i\000n\000t\000e\000r\000s\000e\000c\000t\000i\000o\000n\000,\000\040\000c\000o\000n\000t\000r\000a\000i\000r\000e}{chapter.17}% 117
\BOOKMARK [1][-]{section.17.4}{\376\377\000T\000i\000r\000a\000g\000e\000s\000\040\000s\000u\000c\000c\000e\000s\000s\000i\000f\000s\000\040\000e\000t\000\040\000t\000i\000r\000a\000g\000e\000s\000\040\000s\000i\000m\000u\000l\000t\000a\000n\000\351\000s}{chapter.17}% 118
\BOOKMARK [1][-]{section.17.5}{\376\377\000A\000r\000b\000r\000e\000s\000\040\000d\000e\000\040\000p\000r\000o\000b\000a\000b\000i\000l\000i\000t\000\351}{chapter.17}% 119
\BOOKMARK [1][-]{section.17.6}{\376\377\000P\000r\000o\000b\000a\000b\000i\000l\000i\000t\000\351\000\040\000c\000o\000n\000d\000i\000t\000i\000o\000n\000n\000e\000l\000l\000e}{chapter.17}% 120
\BOOKMARK [1][-]{section.17.7}{\376\377\000\311\000v\000\351\000n\000e\000m\000e\000n\000t\000s\000\040\000i\000n\000d\000\351\000p\000e\000n\000d\000a\000n\000t\000s}{chapter.17}% 121
\BOOKMARK [0][-]{chapter.18}{\376\377\000V\000a\000r\000i\000a\000b\000l\000e\000s\000\040\000a\000l\000\351\000a\000t\000o\000i\000r\000e\000s\000\040\000e\000t\000\040\000l\000o\000i\000s\000\040\000d\000e\000\040\000p\000r\000o\000b\000a\000b\000i\000l\000i\000t\000\351}{}% 122
\BOOKMARK [1][-]{section.18.1}{\376\377\000D\000\351\000f\000i\000n\000i\000t\000i\000o\000n\000\040\000d\000'\000u\000n\000e\000\040\000v\000a\000r\000i\000a\000b\000l\000e\000\040\000a\000l\000\351\000a\000t\000o\000i\000r\000e}{chapter.18}% 123
\BOOKMARK [1][-]{section.18.2}{\376\377\000L\000o\000i\000\040\000d\000e\000\040\000p\000r\000o\000b\000a\000b\000i\000l\000i\000t\000\351\000\040\000e\000t\000\040\000f\000o\000n\000c\000t\000i\000o\000n\000\040\000d\000e\000\040\000r\000\351\000p\000a\000r\000t\000i\000t\000i\000o\000n}{chapter.18}% 124
\BOOKMARK [1][-]{section.18.3}{\376\377\000E\000s\000p\000\351\000r\000a\000n\000c\000e\000\040\000m\000a\000t\000h\000\351\000m\000a\000t\000i\000q\000u\000e}{chapter.18}% 125
\BOOKMARK [1][-]{section.18.4}{\376\377\000V\000a\000r\000i\000a\000n\000c\000e\000\040\000e\000t\000\040\000\351\000c\000a\000r\000t\000-\000t\000y\000p\000e}{chapter.18}% 126
\BOOKMARK [1][-]{section.18.5}{\376\377\000\311\000p\000r\000e\000u\000v\000e\000\040\000e\000t\000\040\000s\000c\000h\000\351\000m\000a\000\040\000d\000e\000\040\000B\000e\000r\000n\000o\000u\000l\000l\000i}{chapter.18}% 127
\BOOKMARK [1][-]{section.18.6}{\376\377\000L\000a\000\040\000l\000o\000i\000\040\000b\000i\000n\000o\000m\000i\000a\000l\000e}{chapter.18}% 128
\BOOKMARK [1][-]{section.18.7}{\376\377\000C\000h\000o\000i\000s\000i\000r\000\040\000l\000a\000\040\000l\000o\000i\000\040\000a\000d\000a\000p\000t\000\351\000e}{chapter.18}% 129
\BOOKMARK [0][-]{appendix.A}{\376\377\000L\000e\000\040\000f\000o\000r\000m\000u\000l\000a\000i\000r\000e\000\040\000d\000e\000\040\000l\000'\000a\000n\000n\000\351\000e}{}% 130
\BOOKMARK [0][-]{appendix.B}{\376\377\000S\000u\000j\000e\000t\000s\000\040\000d\000e\000\040\000b\000a\000c\000c\000a\000l\000a\000u\000r\000\351\000a\000t\000\040\000e\000t\000\040\000d\000e\000\040\000c\000o\000n\000c\000o\000u\000r\000s}{}% 131
